// Jest Snapshot v1, https://goo.gl/fbAQLP

exports[`Member renders correctly 1`] = `
<div>
  <div>
    <img
      alt=""
      class="rounded-xl border"
      data-nimg="1"
      decoding="async"
      loading="lazy"
      src=""
      style="color: transparent;"
    />
    <h2
      class="mt-4 text-lg md:text-2xl font-medium"
    />
    <p
      class="mt-2 text-sm md:text-lg text-gray-500"
    />
    <div
      class="mt-2 flex gap-2"
    />
  </div>
</div>
`;
