// Jest Snapshot v1, https://goo.gl/fbAQLP

exports[`Heading renders correctly 1`] = `
<div>
  <div
    class="mb-8"
  >
    <div
      class="text-center max-w-lg mx-auto"
    >
      <h1
        class="text-lg sm:text-2xl mb-4 font-b162 font-bold"
      />
      <h2
        class="text-sm sm:text-lg"
      />
    </div>
  </div>
</div>
`;
