// Jest Snapshot v1, https://goo.gl/fbAQLP

exports[`Button renders correctly 1`] = `
<div>
  <button
    class="px-8 py-4 rounded-md bg-emerald-500 hover:bg-gray-900 text-white transition duration-500 "
    type="button"
  />
</div>
`;
