// Jest Snapshot v1, https://goo.gl/fbAQLP

exports[`Footer renders correctly 1`] = `
<div>
  <footer
    class="py-8 border-t md:border-none"
  >
    <div
      class="MuiContainer-root MuiContainer-maxWidthLg css-1oqqzyl-MuiContainer-root"
    >
      <div
        class="flex items-center justify-between"
      >
        <div
          class="font-medium font-lg"
        >
          Â© 
          2023
           
        </div>
        <div
          class="flex items-center gap-2 md:gap-4"
        />
      </div>
    </div>
  </footer>
</div>
`;
