// Jest Snapshot v1, https://goo.gl/fbAQLP

exports[`Container renders correctly 1`] = `
<div>
  <div
    class="container mx-auto px-4 sm:px-8"
  />
</div>
`;
